#-----------------------------------------------------------
# Vivado v2024.2 (64-bit)
# SW Build 5239630 on Fri Nov 08 22:35:27 MST 2024
# IP Build 5239520 on Sun Nov 10 16:12:51 MST 2024
# SharedData Build 5239561 on Fri Nov 08 14:39:27 MST 2024
# Start of session at: Mon Mar  3 22:25:43 2025
# Process ID         : 9084
# Current directory  : C:/Users/C27Charles.Liermann/Documents/ECE281/Labs/lab-dos/labo-tuwo/project_1.runs/synth_1
# Command line       : vivado.exe -log top_basys3.vds -product Vivado -mode batch -messageDb vivado.pb -notrace -source top_basys3.tcl
# Log file           : C:/Users/C27Charles.Liermann/Documents/ECE281/Labs/lab-dos/labo-tuwo/project_1.runs/synth_1/top_basys3.vds
# Journal file       : C:/Users/C27Charles.Liermann/Documents/ECE281/Labs/lab-dos/labo-tuwo/project_1.runs/synth_1\vivado.jou
# Running On         : C27-5CG31326RQ
# Platform           : Windows Server 2016 or Windows 10
# Operating System   : 22631
# Processor Detail   : AMD Ryzen 7 PRO 6850U with Radeon Graphics     
# CPU Frequency      : 2695 MHz
# CPU Physical cores : 8
# CPU Logical cores  : 16
# Host memory        : 16442 MB
# Swap memory        : 13421 MB
# Total Virtual      : 29864 MB
# Available Virtual  : 11629 MB
#-----------------------------------------------------------
source top_basys3.tcl -notrace
